--------------------------------------------------------------------------------------
Timing Analyzer Summary
--------------------------------------------------------------------------------------

Type           : Worst-case tsu
Slack          : N/A
Required Time  : None
Actual Time    : 6.876 ns
From           : enable
To             : count_adder:MovX|BCD[3]
From Clock     : --
To Clock       : x
Failed Paths   : 0

Type           : Worst-case tco
Slack          : N/A
Required Time  : None
Actual Time    : 8.177 ns
From           : load~reg0
To             : load
From Clock     : clk
To Clock       : --
Failed Paths   : 0

Type           : Worst-case th
Slack          : N/A
Required Time  : None
Actual Time    : -3.127 ns
From           : enter
To             : load~reg0
From Clock     : --
To Clock       : clk
Failed Paths   : 0

Type           : Clock Setup: 'x'
Slack          : N/A
Required Time  : None
Actual Time    : Restricted to 380.08 MHz ( period = 2.631 ns )
From           : count_adder:MovX|BCD[1]
To             : count_adder:MovX|BCD[3]
From Clock     : x
To Clock       : x
Failed Paths   : 0

Type           : Clock Setup: 'y'
Slack          : N/A
Required Time  : None
Actual Time    : Restricted to 380.08 MHz ( period = 2.631 ns )
From           : count_adder:MovY|BCD[3]
To             : count_adder:MovY|BCD[3]
From Clock     : y
To Clock       : y
Failed Paths   : 0

Type           : Total number of failed paths
Slack          : 
Required Time  : 
Actual Time    : 
From           : 
To             : 
From Clock     : 
To Clock       : 
Failed Paths   : 0

--------------------------------------------------------------------------------------

